// Jest Snapshot v1, https://goo.gl/fbAQLP

exports[`renders show-item component 1`] = `
<div
  class="header"
>
  <a
    class="logo-container"
    href="/"
  >
    BURB-NRW
  </a>
  <div
    class="options"
  >
    <a
      class="option"
      href="/shows"
    >
      SHOWS
    </a>
  </div>
</div>
`;
